// Jest Snapshot v1, https://goo.gl/fbAQLP

exports[`[LIB][GRAPHQL][RESOLVERS] : customScalarSchemas should match snapshot lib graphql customScalarSchemas 1`] = `
Object {
  "definitions": Array [
    Object {
      "description": undefined,
      "directives": Array [],
      "kind": "ScalarTypeDefinition",
      "name": Object {
        "kind": "Name",
        "value": "Date",
      },
    },
  ],
  "kind": "Document",
  "loc": Object {
    "end": 17,
    "start": 0,
  },
}
`;
