// Jest Snapshot v1, https://goo.gl/fbAQLP

exports[`[LIB][GRAPHQL][RESOLVERS] : customScalarResolvers should match snapshot lib graphql customScalarResolvers 1`] = `
Object {
  "Date": "Date",
}
`;
