// Jest Snapshot v1, https://goo.gl/fbAQLP

exports[`[MODULES][POSTS][__MOCKS__][DATAS] : mock Posts should match snapshot mock posts 1`] = `[Function]`;
