// Jest Snapshot v1, https://goo.gl/fbAQLP

exports[`[MODULES][USERS][__MOCKS__][DATAS] : mock Users should match snapshot mock users 1`] = `[Function]`;
